<?xml version="1.0" encoding="UTF-8"?>
<testsuites name="jest tests" tests="2" failures="0" time="3.322">
  <testsuite name="sum" errors="0" failures="0" skipped="0" timestamp="2021-05-29T08:29:36" time="2.409" tests="2">
    <testcase classname="sum 1+1" name="sum 1+1" time="0.002">
    </testcase>
    <testcase classname="sum 2+2" name="sum 2+2" time="0">
    </testcase>
  </testsuite>
</testsuites>